// Vitest Snapshot v1, https://vitest.dev/guide/snapshot.html

exports[`palette snapshot > canonical palette (8 hues, 10 levels, AA, max_per_hue) matches snapshot 1`] = `
{
  "crossValidation": {
    "allPass": false,
    "failures": [
      {
        "contrast": 4.4588985295257215,
        "hueA": "red",
        "hueB": "orange",
        "levelA": 0,
        "levelB": 5,
        "required": 4.5,
      },
      {
        "contrast": 4.282843547271912,
        "hueA": "red",
        "hueB": "yellow",
        "levelA": 0,
        "levelB": 5,
        "required": 4.5,
      },
      {
        "contrast": 3.97299186725614,
        "hueA": "red",
        "hueB": "green",
        "levelA": 0,
        "levelB": 5,
        "required": 4.5,
      },
      {
        "contrast": 4.04079823339038,
        "hueA": "red",
        "hueB": "teal",
        "levelA": 0,
        "levelB": 5,
        "required": 4.5,
      },
      {
        "contrast": 4.275835394866157,
        "hueA": "red",
        "hueB": "neutral",
        "levelA": 0,
        "levelB": 5,
        "required": 4.5,
      },
      {
        "contrast": 4.26720426792135,
        "hueA": "orange",
        "hueB": "yellow",
        "levelA": 0,
        "levelB": 5,
        "required": 4.5,
      },
      {
        "contrast": 4.482992263586977,
        "hueA": "orange",
        "hueB": "yellow",
        "levelA": 5,
        "levelB": 0,
        "required": 4.5,
      },
      {
        "contrast": 3.9584840457623782,
        "hueA": "orange",
        "hueB": "green",
        "levelA": 0,
        "levelB": 5,
        "required": 4.5,
      },
      {
        "contrast": 4.026042809412424,
        "hueA": "orange",
        "hueB": "teal",
        "levelA": 0,
        "levelB": 5,
        "required": 4.5,
      },
      {
        "contrast": 4.458645472659693,
        "hueA": "orange",
        "hueB": "blue",
        "levelA": 5,
        "levelB": 0,
        "required": 4.5,
      },
      {
        "contrast": 4.4414997529884195,
        "hueA": "orange",
        "hueB": "purple",
        "levelA": 5,
        "levelB": 0,
        "required": 4.5,
      },
      {
        "contrast": 4.451028585008855,
        "hueA": "orange",
        "hueB": "pink",
        "levelA": 5,
        "levelB": 0,
        "required": 4.5,
      },
      {
        "contrast": 4.2602217065632235,
        "hueA": "orange",
        "hueB": "neutral",
        "levelA": 0,
        "levelB": 5,
        "required": 4.5,
      },
      {
        "contrast": 4.470704678048518,
        "hueA": "orange",
        "hueB": "neutral",
        "levelA": 5,
        "levelB": 0,
        "required": 4.5,
      },
      {
        "contrast": 3.99445999640134,
        "hueA": "yellow",
        "hueB": "green",
        "levelA": 0,
        "levelB": 5,
        "required": 4.5,
      },
      {
        "contrast": 4.365500919019333,
        "hueA": "yellow",
        "hueB": "green",
        "levelA": 5,
        "levelB": 0,
        "required": 4.5,
      },
      {
        "contrast": 4.062632755388542,
        "hueA": "yellow",
        "hueB": "teal",
        "levelA": 0,
        "levelB": 5,
        "required": 4.5,
      },
      {
        "contrast": 4.35495319431616,
        "hueA": "yellow",
        "hueB": "teal",
        "levelA": 5,
        "levelB": 0,
        "required": 4.5,
      },
      {
        "contrast": 4.282600482093688,
        "hueA": "yellow",
        "hueB": "blue",
        "levelA": 5,
        "levelB": 0,
        "required": 4.5,
      },
      {
        "contrast": 4.266131743374654,
        "hueA": "yellow",
        "hueB": "purple",
        "levelA": 5,
        "levelB": 0,
        "required": 4.5,
      },
      {
        "contrast": 4.27528433934909,
        "hueA": "yellow",
        "hueB": "pink",
        "levelA": 5,
        "levelB": 0,
        "required": 4.5,
      },
      {
        "contrast": 4.29893994416492,
        "hueA": "yellow",
        "hueB": "neutral",
        "levelA": 0,
        "levelB": 5,
        "required": 4.5,
      },
      {
        "contrast": 4.29418354226937,
        "hueA": "yellow",
        "hueB": "neutral",
        "levelA": 5,
        "levelB": 0,
        "required": 4.5,
      },
      {
        "contrast": 4.118784215845055,
        "hueA": "green",
        "hueB": "teal",
        "levelA": 0,
        "levelB": 5,
        "required": 4.5,
      },
      {
        "contrast": 4.039884584231523,
        "hueA": "green",
        "hueB": "teal",
        "levelA": 5,
        "levelB": 0,
        "required": 4.5,
      },
      {
        "contrast": 3.9727663871596484,
        "hueA": "green",
        "hueB": "blue",
        "levelA": 5,
        "levelB": 0,
        "required": 4.5,
      },
      {
        "contrast": 3.9574891153488747,
        "hueA": "green",
        "hueB": "purple",
        "levelA": 5,
        "levelB": 0,
        "required": 4.5,
      },
      {
        "contrast": 3.9659795467572043,
        "hueA": "green",
        "hueB": "pink",
        "levelA": 5,
        "levelB": 0,
        "required": 4.5,
      },
      {
        "contrast": 4.358357511740904,
        "hueA": "green",
        "hueB": "neutral",
        "levelA": 0,
        "levelB": 5,
        "required": 4.5,
      },
      {
        "contrast": 3.983511445522856,
        "hueA": "green",
        "hueB": "neutral",
        "levelA": 5,
        "levelB": 0,
        "required": 4.5,
      },
      {
        "contrast": 4.040568905064018,
        "hueA": "teal",
        "hueB": "blue",
        "levelA": 5,
        "levelB": 0,
        "required": 4.5,
      },
      {
        "contrast": 4.02503089869336,
        "hueA": "teal",
        "hueB": "purple",
        "levelA": 5,
        "levelB": 0,
        "required": 4.5,
      },
      {
        "contrast": 4.033666234828391,
        "hueA": "teal",
        "hueB": "pink",
        "levelA": 5,
        "levelB": 0,
        "required": 4.5,
      },
      {
        "contrast": 4.347827046613394,
        "hueA": "teal",
        "hueB": "neutral",
        "levelA": 0,
        "levelB": 5,
        "required": 4.5,
      },
      {
        "contrast": 4.051497347482831,
        "hueA": "teal",
        "hueB": "neutral",
        "levelA": 5,
        "levelB": 0,
        "required": 4.5,
      },
      {
        "contrast": 4.275592727423175,
        "hueA": "blue",
        "hueB": "neutral",
        "levelA": 0,
        "levelB": 5,
        "required": 4.5,
      },
      {
        "contrast": 4.259150937022378,
        "hueA": "purple",
        "hueB": "neutral",
        "levelA": 0,
        "levelB": 5,
        "required": 4.5,
      },
      {
        "contrast": 4.268288556314433,
        "hueA": "pink",
        "hueB": "neutral",
        "levelA": 0,
        "levelB": 5,
        "required": 4.5,
      },
    ],
  },
  "intraValidation": {
    "allPass": false,
    "byHue": {
      "blue": {
        "failures": [],
      },
      "green": {
        "failures": [
          {
            "contrast": 4.049669210730536,
            "levelA": 0,
            "levelB": 5,
            "required": 4.5,
          },
        ],
      },
      "neutral": {
        "failures": [
          {
            "contrast": 4.287156833871003,
            "levelA": 0,
            "levelB": 5,
            "required": 4.5,
          },
        ],
      },
      "orange": {
        "failures": [
          {
            "contrast": 4.442616365834852,
            "levelA": 0,
            "levelB": 5,
            "required": 4.5,
          },
        ],
      },
      "pink": {
        "failures": [],
      },
      "purple": {
        "failures": [],
      },
      "red": {
        "failures": [],
      },
      "teal": {
        "failures": [
          {
            "contrast": 4.108832596815213,
            "levelA": 0,
            "levelB": 5,
            "required": 4.5,
          },
        ],
      },
      "yellow": {
        "failures": [
          {
            "contrast": 4.305985965241426,
            "levelA": 0,
            "levelB": 5,
            "required": 4.5,
          },
        ],
      },
    },
  },
  "meta": {
    "chromaStrategy": "max_per_hue",
    "compliance": "AA",
    "contrastRules": {
      "largeTextMinContrast": 3,
      "largeTextMinDistance": 4,
      "textMinContrast": 4.5,
      "textMinDistance": 5,
    },
    "lightnessCurve": [
      0.97,
      0.93,
      0.87,
      0.78,
      0.68,
      0.56,
      0.45,
      0.36,
      0.27,
      0.17,
    ],
    "numLevels": 10,
  },
  "scales": {
    "blue": [
      {
        "hex": "#f0f5ff",
        "level": 0,
        "oklch": {
          "C": 0.014051055908203124,
          "H": 265,
          "L": 0.97,
        },
        "relativeLuminance": 0.9105008053043178,
      },
      {
        "hex": "#dde8ff",
        "level": 1,
        "oklch": {
          "C": 0.033303833007812506,
          "H": 265,
          "L": 0.93,
        },
        "relativeLuminance": 0.8030537750938594,
      },
      {
        "hex": "#c0d4ff",
        "level": 2,
        "oklch": {
          "C": 0.06333274841308592,
          "H": 265,
          "L": 0.87,
        },
        "relativeLuminance": 0.6551343450433175,
      },
      {
        "hex": "#95b6ff",
        "level": 3,
        "oklch": {
          "C": 0.11106834411621094,
          "H": 265,
          "L": 0.78,
        },
        "relativeLuminance": 0.47065458167221014,
      },
      {
        "hex": "#6592ff",
        "level": 4,
        "oklch": {
          "C": 0.16801910400390627,
          "H": 265,
          "L": 0.68,
        },
        "relativeLuminance": 0.3054447020866628,
      },
      {
        "hex": "#2c60ff",
        "level": 5,
        "oklch": {
          "C": 0.24180335998535155,
          "H": 265,
          "L": 0.56,
        },
        "relativeLuminance": 0.16121214793766403,
      },
      {
        "hex": "#0e00fc",
        "level": 6,
        "oklch": {
          "C": 0.3089179992675782,
          "H": 265,
          "L": 0.45,
        },
        "relativeLuminance": 0.07121637054391881,
      },
      {
        "hex": "#0700bb",
        "level": 7,
        "oklch": {
          "C": 0.2471343994140625,
          "H": 265,
          "L": 0.36,
        },
        "relativeLuminance": 0.03633027110031222,
      },
      {
        "hex": "#03007e",
        "level": 8,
        "oklch": {
          "C": 0.1853507995605469,
          "H": 265,
          "L": 0.27,
        },
        "relativeLuminance": 0.015257171534594913,
      },
      {
        "hex": "#010041",
        "level": 9,
        "oklch": {
          "C": 0.1167022705078125,
          "H": 265,
          "L": 0.17,
        },
        "relativeLuminance": 0.0038810685517760967,
      },
    ],
    "green": [
      {
        "hex": "#e1ffe0",
        "level": 0,
        "oklch": {
          "C": 0.051357269287109375,
          "H": 145,
          "L": 0.97,
        },
        "relativeLuminance": 0.9290936992154101,
      },
      {
        "hex": "#b0ffb2",
        "level": 1,
        "oklch": {
          "C": 0.12862434387207028,
          "H": 145,
          "L": 0.93,
        },
        "relativeLuminance": 0.8396445892948232,
      },
      {
        "hex": "#12ff4c",
        "level": 2,
        "oklch": {
          "C": 0.27095184326171884,
          "H": 145,
          "L": 0.87,
        },
        "relativeLuminance": 0.7217040095199228,
      },
      {
        "hex": "#00dd3e",
        "level": 3,
        "oklch": {
          "C": 0.24532279968261717,
          "H": 145,
          "L": 0.78,
        },
        "relativeLuminance": 0.5206070339141738,
      },
      {
        "hex": "#00b832",
        "level": 4,
        "oklch": {
          "C": 0.21387138366699218,
          "H": 145,
          "L": 0.68,
        },
        "relativeLuminance": 0.3451126885415827,
      },
      {
        "hex": "#008d24",
        "level": 5,
        "oklch": {
          "C": 0.17612915039062502,
          "H": 145,
          "L": 0.56,
        },
        "relativeLuminance": 0.19177127766906857,
      },
      {
        "hex": "#006818",
        "level": 6,
        "oklch": {
          "C": 0.1415325164794922,
          "H": 145,
          "L": 0.45,
        },
        "relativeLuminance": 0.09966577010950987,
      },
      {
        "hex": "#004b0f",
        "level": 7,
        "oklch": {
          "C": 0.11322593688964844,
          "H": 145,
          "L": 0.36,
        },
        "relativeLuminance": 0.050666436483511455,
      },
      {
        "hex": "#003007",
        "level": 8,
        "oklch": {
          "C": 0.08491935729980471,
          "H": 145,
          "L": 0.27,
        },
        "relativeLuminance": 0.021292450527406435,
      },
      {
        "hex": "#001502",
        "level": 9,
        "oklch": {
          "C": 0.05346755981445313,
          "H": 145,
          "L": 0.17,
        },
        "relativeLuminance": 0.0054071370137398125,
      },
    ],
    "neutral": [
      {
        "hex": "#f5f5f5",
        "level": 0,
        "oklch": {
          "C": 0,
          "H": 0,
          "L": 0.97,
        },
        "relativeLuminance": 0.9130986517934191,
      },
      {
        "hex": "#e8e8e8",
        "level": 1,
        "oklch": {
          "C": 0,
          "H": 0,
          "L": 0.93,
        },
        "relativeLuminance": 0.8069522576692515,
      },
      {
        "hex": "#d4d4d4",
        "level": 2,
        "oklch": {
          "C": 0,
          "H": 0,
          "L": 0.87,
        },
        "relativeLuminance": 0.6583748172794485,
      },
      {
        "hex": "#b7b7b7",
        "level": 3,
        "oklch": {
          "C": 0,
          "H": 0,
          "L": 0.78,
        },
        "relativeLuminance": 0.47353149614800955,
      },
      {
        "hex": "#989898",
        "level": 4,
        "oklch": {
          "C": 0,
          "H": 0,
          "L": 0.68,
        },
        "relativeLuminance": 0.31398871337571754,
      },
      {
        "hex": "#747474",
        "level": 5,
        "oklch": {
          "C": 0,
          "H": 0,
          "L": 0.56,
        },
        "relativeLuminance": 0.17464740365558504,
      },
      {
        "hex": "#555555",
        "level": 6,
        "oklch": {
          "C": 0,
          "H": 0,
          "L": 0.45,
        },
        "relativeLuminance": 0.09084171118340767,
      },
      {
        "hex": "#3d3d3d",
        "level": 7,
        "oklch": {
          "C": 0,
          "H": 0,
          "L": 0.36,
        },
        "relativeLuminance": 0.046665086336880095,
      },
      {
        "hex": "#262626",
        "level": 8,
        "oklch": {
          "C": 0,
          "H": 0,
          "L": 0.27,
        },
        "relativeLuminance": 0.019382360956935723,
      },
      {
        "hex": "#0f0f0f",
        "level": 9,
        "oklch": {
          "C": 0,
          "H": 0,
          "L": 0.17,
        },
        "relativeLuminance": 0.004776953480693728,
      },
    ],
    "orange": [
      {
        "hex": "#fff2ea",
        "level": 0,
        "oklch": {
          "C": 0.017372894287109378,
          "H": 55,
          "L": 0.97,
        },
        "relativeLuminance": 0.9070477453765939,
      },
      {
        "hex": "#ffe1ce",
        "level": 1,
        "oklch": {
          "C": 0.041767120361328125,
          "H": 55,
          "L": 0.93,
        },
        "relativeLuminance": 0.7956665872449497,
      },
      {
        "hex": "#ffc7a1",
        "level": 2,
        "oklch": {
          "C": 0.08132591247558593,
          "H": 55,
          "L": 0.87,
        },
        "relativeLuminance": 0.6468005684406143,
      },
      {
        "hex": "#ff9b51",
        "level": 3,
        "oklch": {
          "C": 0.14862442016601568,
          "H": 55,
          "L": 0.78,
        },
        "relativeLuminance": 0.4529677071848116,
      },
      {
        "hex": "#e47600",
        "level": 4,
        "oklch": {
          "C": 0.16836929321289062,
          "H": 55,
          "L": 0.68,
        },
        "relativeLuminance": 0.29450847110178424,
      },
      {
        "hex": "#b05a00",
        "level": 5,
        "oklch": {
          "C": 0.13865699768066406,
          "H": 55,
          "L": 0.56,
        },
        "relativeLuminance": 0.16542435055536164,
      },
      {
        "hex": "#834100",
        "level": 6,
        "oklch": {
          "C": 0.1114208221435547,
          "H": 55,
          "L": 0.45,
        },
        "relativeLuminance": 0.08605887945922541,
      },
      {
        "hex": "#5f2e00",
        "level": 7,
        "oklch": {
          "C": 0.08913650512695313,
          "H": 55,
          "L": 0.36,
        },
        "relativeLuminance": 0.043868862175880985,
      },
      {
        "hex": "#3e1c00",
        "level": 8,
        "oklch": {
          "C": 0.06685256958007814,
          "H": 55,
          "L": 0.27,
        },
        "relativeLuminance": 0.01854640758318952,
      },
      {
        "hex": "#1d0900",
        "level": 9,
        "oklch": {
          "C": 0.04209213256835938,
          "H": 55,
          "L": 0.17,
        },
        "relativeLuminance": 0.004565849912387471,
      },
    ],
    "pink": [
      {
        "hex": "#fff1f7",
        "level": 0,
        "oklch": {
          "C": 0.017324447631835938,
          "H": 350,
          "L": 0.97,
        },
        "relativeLuminance": 0.9088599422288828,
      },
      {
        "hex": "#ffddec",
        "level": 1,
        "oklch": {
          "C": 0.041912841796875,
          "H": 350,
          "L": 0.93,
        },
        "relativeLuminance": 0.7902903168526738,
      },
      {
        "hex": "#ffbfdc",
        "level": 2,
        "oklch": {
          "C": 0.08247718811035157,
          "H": 350,
          "L": 0.87,
        },
        "relativeLuminance": 0.6368891046923221,
      },
      {
        "hex": "#ff8bc5",
        "level": 3,
        "oklch": {
          "C": 0.15357208251953125,
          "H": 350,
          "L": 0.78,
        },
        "relativeLuminance": 0.4375645525411195,
      },
      {
        "hex": "#ff37ae",
        "level": 4,
        "oklch": {
          "C": 0.25160560607910165,
          "H": 350,
          "L": 0.68,
        },
        "relativeLuminance": 0.2704836923379862,
      },
      {
        "hex": "#cd0087",
        "level": 5,
        "oklch": {
          "C": 0.2336448669433594,
          "H": 350,
          "L": 0.56,
        },
        "relativeLuminance": 0.1472840553957651,
      },
      {
        "hex": "#990064",
        "level": 6,
        "oklch": {
          "C": 0.187750244140625,
          "H": 350,
          "L": 0.45,
        },
        "relativeLuminance": 0.07692404555684829,
      },
      {
        "hex": "#700048",
        "level": 7,
        "oklch": {
          "C": 0.1502002716064453,
          "H": 350,
          "L": 0.36,
        },
        "relativeLuminance": 0.03912624111610279,
      },
      {
        "hex": "#4a002e",
        "level": 8,
        "oklch": {
          "C": 0.11265029907226563,
          "H": 350,
          "L": 0.27,
        },
        "relativeLuminance": 0.016531027285260683,
      },
      {
        "hex": "#230014",
        "level": 9,
        "oklch": {
          "C": 0.0709278106689453,
          "H": 350,
          "L": 0.17,
        },
        "relativeLuminance": 0.004078316700584419,
      },
    ],
    "purple": [
      {
        "hex": "#f8f2ff",
        "level": 0,
        "oklch": {
          "C": 0.017617034912109378,
          "H": 305,
          "L": 0.97,
        },
        "relativeLuminance": 0.9068071997793293,
      },
      {
        "hex": "#eee1ff",
        "level": 1,
        "oklch": {
          "C": 0.04180984497070313,
          "H": 305,
          "L": 0.93,
        },
        "relativeLuminance": 0.7924757019254629,
      },
      {
        "hex": "#e0c8ff",
        "level": 2,
        "oklch": {
          "C": 0.07966690063476564,
          "H": 305,
          "L": 0.87,
        },
        "relativeLuminance": 0.6437584659435726,
      },
      {
        "hex": "#cc9fff",
        "level": 3,
        "oklch": {
          "C": 0.1401519775390625,
          "H": 305,
          "L": 0.78,
        },
        "relativeLuminance": 0.44853643334576193,
      },
      {
        "hex": "#b86dff",
        "level": 4,
        "oklch": {
          "C": 0.21277542114257814,
          "H": 305,
          "L": 0.68,
        },
        "relativeLuminance": 0.28347625483488237,
      },
      {
        "hex": "#9e00f8",
        "level": 5,
        "oklch": {
          "C": 0.2908714294433594,
          "H": 305,
          "L": 0.56,
        },
        "relativeLuminance": 0.14046411633024083,
      },
      {
        "hex": "#7500b9",
        "level": 6,
        "oklch": {
          "C": 0.23373603820800778,
          "H": 305,
          "L": 0.45,
        },
        "relativeLuminance": 0.07284690291016785,
      },
      {
        "hex": "#550089",
        "level": 7,
        "oklch": {
          "C": 0.18698883056640625,
          "H": 305,
          "L": 0.36,
        },
        "relativeLuminance": 0.03737437595509511,
      },
      {
        "hex": "#37005b",
        "level": 8,
        "oklch": {
          "C": 0.1402416229248047,
          "H": 305,
          "L": 0.27,
        },
        "relativeLuminance": 0.015675559552548388,
      },
      {
        "hex": "#19002d",
        "level": 9,
        "oklch": {
          "C": 0.08830032348632814,
          "H": 305,
          "L": 0.17,
        },
        "relativeLuminance": 0.0039613470230907295,
      },
    ],
    "red": [
      {
        "hex": "#fff2f0",
        "level": 0,
        "oklch": {
          "C": 0.014660263061523437,
          "H": 25,
          "L": 0.97,
        },
        "relativeLuminance": 0.9105553199153354,
      },
      {
        "hex": "#ffdfdc",
        "level": 1,
        "oklch": {
          "C": 0.035394287109375,
          "H": 25,
          "L": 0.93,
        },
        "relativeLuminance": 0.792026595090825,
      },
      {
        "hex": "#ffc3bd",
        "level": 2,
        "oklch": {
          "C": 0.0694000244140625,
          "H": 25,
          "L": 0.87,
        },
        "relativeLuminance": 0.6396433661376837,
      },
      {
        "hex": "#ff958d",
        "level": 3,
        "oklch": {
          "C": 0.12835617065429689,
          "H": 25,
          "L": 0.78,
        },
        "relativeLuminance": 0.44677979643293,
      },
      {
        "hex": "#ff5352",
        "level": 4,
        "oklch": {
          "C": 0.2082618713378906,
          "H": 25,
          "L": 0.68,
        },
        "relativeLuminance": 0.2805570929220279,
      },
      {
        "hex": "#da0023",
        "level": 5,
        "oklch": {
          "C": 0.22702407836914062,
          "H": 25,
          "L": 0.56,
        },
        "relativeLuminance": 0.15026775475430856,
      },
      {
        "hex": "#a30018",
        "level": 6,
        "oklch": {
          "C": 0.18242988586425782,
          "H": 25,
          "L": 0.45,
        },
        "relativeLuminance": 0.07852478086261362,
      },
      {
        "hex": "#78000e",
        "level": 7,
        "oklch": {
          "C": 0.14594383239746098,
          "H": 25,
          "L": 0.36,
        },
        "relativeLuminance": 0.040247758306225144,
      },
      {
        "hex": "#4f0006",
        "level": 8,
        "oklch": {
          "C": 0.10945777893066405,
          "H": 25,
          "L": 0.27,
        },
        "relativeLuminance": 0.01675413376505597,
      },
      {
        "hex": "#260002",
        "level": 9,
        "oklch": {
          "C": 0.06891784667968752,
          "H": 25,
          "L": 0.17,
        },
        "relativeLuminance": 0.004164519235868987,
      },
    ],
    "teal": [
      {
        "hex": "#d4fffe",
        "level": 0,
        "oklch": {
          "C": 0.04356651306152345,
          "H": 195,
          "L": 0.97,
        },
        "relativeLuminance": 0.9267280575652292,
      },
      {
        "hex": "#86fffe",
        "level": 1,
        "oklch": {
          "C": 0.10910987854003906,
          "H": 195,
          "L": 0.93,
        },
        "relativeLuminance": 0.8374408956041073,
      },
      {
        "hex": "#00f2f2",
        "level": 2,
        "oklch": {
          "C": 0.14845275878906256,
          "H": 195,
          "L": 0.87,
        },
        "relativeLuminance": 0.6991506630202602,
      },
      {
        "hex": "#00d1d2",
        "level": 3,
        "oklch": {
          "C": 0.13309555053710942,
          "H": 195,
          "L": 0.78,
        },
        "relativeLuminance": 0.5025407173188081,
      },
      {
        "hex": "#00aeae",
        "level": 4,
        "oklch": {
          "C": 0.11603202819824221,
          "H": 195,
          "L": 0.68,
        },
        "relativeLuminance": 0.33328096334703283,
      },
      {
        "hex": "#008686",
        "level": 5,
        "oklch": {
          "C": 0.0955554962158203,
          "H": 195,
          "L": 0.56,
        },
        "relativeLuminance": 0.18771424961978217,
      },
      {
        "hex": "#006262",
        "level": 6,
        "oklch": {
          "C": 0.07678565979003907,
          "H": 195,
          "L": 0.45,
        },
        "relativeLuminance": 0.0961720692535885,
      },
      {
        "hex": "#004747",
        "level": 7,
        "oklch": {
          "C": 0.06142845153808594,
          "H": 195,
          "L": 0.36,
        },
        "relativeLuminance": 0.04961408790010422,
      },
      {
        "hex": "#002d2d",
        "level": 8,
        "oklch": {
          "C": 0.04607124328613282,
          "H": 195,
          "L": 0.27,
        },
        "relativeLuminance": 0.020662338120004807,
      },
      {
        "hex": "#001313",
        "level": 9,
        "oklch": {
          "C": 0.029007720947265628,
          "H": 195,
          "L": 0.17,
        },
        "relativeLuminance": 0.005127620290088889,
      },
    ],
    "yellow": [
      {
        "hex": "#fff5d9",
        "level": 0,
        "oklch": {
          "C": 0.03798522949218751,
          "H": 90,
          "L": 0.97,
        },
        "relativeLuminance": 0.9157456969279351,
      },
      {
        "hex": "#ffe6a3",
        "level": 1,
        "oklch": {
          "C": 0.08921394348144532,
          "H": 90,
          "L": 0.93,
        },
        "relativeLuminance": 0.8049797243281334,
      },
      {
        "hex": "#ffce2d",
        "level": 2,
        "oklch": {
          "C": 0.16795196533203124,
          "H": 90,
          "L": 0.87,
        },
        "relativeLuminance": 0.6559207496633426,
      },
      {
        "hex": "#dfb100",
        "level": 3,
        "oklch": {
          "C": 0.1593986511230469,
          "H": 90,
          "L": 0.78,
        },
        "relativeLuminance": 0.4713225636361077,
      },
      {
        "hex": "#ba9300",
        "level": 4,
        "oklch": {
          "C": 0.1389629364013672,
          "H": 90,
          "L": 0.68,
        },
        "relativeLuminance": 0.3130654014271515,
      },
      {
        "hex": "#8f7000",
        "level": 5,
        "oklch": {
          "C": 0.11443977355957033,
          "H": 90,
          "L": 0.56,
        },
        "relativeLuminance": 0.1742798060011299,
      },
      {
        "hex": "#695200",
        "level": 6,
        "oklch": {
          "C": 0.09196052551269532,
          "H": 90,
          "L": 0.45,
        },
        "relativeLuminance": 0.09037844219279698,
      },
      {
        "hex": "#4c3b00",
        "level": 7,
        "oklch": {
          "C": 0.07356834411621097,
          "H": 90,
          "L": 0.36,
        },
        "relativeLuminance": 0.04664428837964812,
      },
      {
        "hex": "#312500",
        "level": 8,
        "oklch": {
          "C": 0.055176162719726564,
          "H": 90,
          "L": 0.27,
        },
        "relativeLuminance": 0.019761035573451605,
      },
      {
        "hex": "#150e00",
        "level": 9,
        "oklch": {
          "C": 0.034740447998046875,
          "H": 90,
          "L": 0.17,
        },
        "relativeLuminance": 0.004735053557545727,
      },
    ],
  },
}
`;
